// Jest Snapshot v1, https://goo.gl/fbAQLP

exports[`plugin test suits should complete standard workflow 1`] = `
"<!DOCTYPE html>
<html lang=\\"en\\">
<head>
  <meta charset=\\"UTF-8\\">
  <title>Webpack Plugin</title>
<style>html,
body {
  width: 100%;
  height: 100%;
}
</style><script>/* eslint-env browser */
document.addEventListener('load', () => {});
</script></head>
<body>
<script type=\\"text/javascript\\" src=\\"/main.js\\"></script></body>
</html>"
`;
